error[E0380]: auto traits cannot have associated items
  --> $DIR/issue-23080-2.rs:5:10
   |
LL | unsafe auto trait Trait {
   |                   ----- auto traits cannot have associated items
LL |     type Output;
   |     -----^^^^^^- help: remove these associated items

error: aborting due to previous error

For more information about this error, try `crablangc --explain E0380`.
