error[E0131]: `main` function is not allowed to have generic parameters
  --> $DIR/E0131.rs:1:8
   |
LL | fn main<T>() {
   |        ^^^ `main` cannot have generic parameters

error: aborting due to previous error

For more information about this error, try `crablangc --explain E0131`.
