error[E0369]: cannot multiply `Thing` by `{integer}`
  --> $DIR/issue-3820.rs:14:15
   |
LL |     let w = u * 3;
   |             - ^ - {integer}
   |             |
   |             Thing
   |
note: an implementation of `Mul<_>` might be missing for `Thing`
  --> $DIR/issue-3820.rs:1:1
   |
LL | struct Thing {
   | ^^^^^^^^^^^^ must implement `Mul<_>`
note: the trait `Mul` must be implemented
  --> $SRC_DIR/core/src/ops/arith.rs:LL:COL

error: aborting due to previous error

For more information about this error, try `crablangc --explain E0369`.
