error[E0451]: field `secret_uid` of struct `S` is private
  --> $DIR/functional-struct-update-respects-privacy.rs:28:49
   |
LL |     let s_2 = foo::S { b: format!("ess two"), ..s_1 }; // FRU ...
   |                                                 ^^^ field `secret_uid` is private

error: aborting due to previous error

For more information about this error, try `crablangc --explain E0451`.
