error: Undefined Behavior: out-of-bounds pointer use: 0x2a[noalloc] is a dangling pointer (it has no provenance)
  --> $DIR/cast_int_to_fn_ptr.rs:LL:CC
   |
LL |     g(42)
   |     ^^^^^ out-of-bounds pointer use: 0x2a[noalloc] is a dangling pointer (it has no provenance)
   |
   = help: this indicates a bug in the program: it performed an invalid operation, and caused Undefined Behavior
   = help: see https://doc.crablang.org/nightly/reference/behavior-considered-undefined.html for further information
   = note: BACKTRACE:
   = note: inside `main` at $DIR/cast_int_to_fn_ptr.rs:LL:CC

note: some details are omitted, run with `MIRIFLAGS=-Zmiri-backtrace=full` for a verbose backtrace

error: aborting due to previous error

